// Jest Snapshot v1, https://goo.gl/fbAQLP

exports[`matches snapshot 1`] = `
<DocumentFragment>
  <div
    class="pt-8 text-2xl pb-8 text h-fill sm:h-screen md:h-screen lg:h-screen    bg-setup flex flex-col items-center text-center"
  >
    <h1
      class="gradient-orchid border-2 border-black rounded font-mono px-2 py-1 justify-items-center items-center shadow-md mb-2 text-pink-600 font-black text-4xl"
    >
      Game Setup
    </h1>
    <p
      class="bg-black border-pink-400 text-white py-1 px-2 border-2 rounded"
    >
      Help the 
      <span
        class="text-blue-400"
      >
        UNICORN
      </span>
       navigate the 
      <span
        class="text-yellow-300"
      >
        MAZE
      </span>
       towards the 
      <span
        class="text-pink-300"
      >
        RAINBOW
      </span>
      !
    </p>
    <div
      class="sm:mt-8 flex flex-col sm:grid sm:grid-flow-col sm:grid-cols-3"
    >
      <div
        class="react-floater-animated"
      >
        <img
          alt="small floating unicorn"
          class="floating-unicorn pb-4 sm:pb-0 h-32 sm:h-36"
          src="smallUnicorn.png"
        />
      </div>
      <div
        class="flex justify-center"
      >
        <img
          alt="maze"
          class="h-36 sm:h-38 border-2 border-pink-400"
          src="Maze.png"
        />
      </div>
      <div
        class="react-floater-animated"
      >
        <img
          alt="floating rainbow"
          class="pt-3 sm:pt-0 h-32 sm:h-36"
          src="rainbow.png"
        />
      </div>
    </div>
    <p
      class="border-2 border-pink-400 py-1 px-2 text-white bg-black rounded mt-6 text-3xl"
    >
      BEWARE OF THE 
      <span
        class="text-red-600 px-1"
      >
        SKULL MONSTER
      </span>
      !!!
    </p>
    <div
      class="sm:w-3/6 sm:mt-4 flex-col flex sm:flex-row justify-evenly items-center"
    >
      <div
        class="react-floater-animated"
      >
        <img
          alt="floating rose skull"
          class="pb-4 sm:pb-0 h-32 sm:h-40"
          src="skullMonster.png"
        />
      </div>
      <div
        class="formContainer flex justify-between items-center shadow-lg"
      >
        <form
          class="gradient-orchid flex flex-col border-2 border-black rounded px-4 py-1 justify-items-center items-center shadow-md"
        >
          <h3
            class="font-mono text-pink-600 font-black mb-2"
          >
            Game Settings
          </h3>
          <div
            class="flex items-center justify-between mb-2"
          >
            <label
              class="mr-5"
              for="name"
            >
              Name
            </label>
            <select
              class="px-3 rounded-xl bg-pink-50"
              id="name"
              name="name"
            >
              <option
                value="Pinkie Pie"
              >
                Pinkie Pie
              </option>
              <option
                value="Twilight Sparkle"
              >
                Twilight Sparkle
              </option>
              <option
                value="Fluttershy"
              >
                Fluttershy
              </option>
              <option
                value="AppleJack"
              >
                Applejack
              </option>
              <option
                value="Rainbow Dash"
              >
                Rainbow Dash
              </option>
              <option
                value="Rarity"
              >
                Rarity
              </option>
            </select>
          </div>
          <div
            class="flex items-center justify-between"
          >
            <label
              class="mr-2"
              for="difficulty"
            >
              Difficulty
            </label>
            <input
              id="difficulty"
              max="10"
              min="0"
              name="difficulty"
              type="range"
              value="0"
            />
          </div>
          <div
            class="flex items-center justify-between mb-2"
          >
            <label
              class="mr-2"
              for="size"
            >
              Maze Size
            </label>
            <input
              class="selfEnd"
              id="size"
              max="25"
              min="15"
              name="size"
              type="range"
              value="15"
            />
          </div>
          <button
            class="gradient-pink px-3 mb-1 font-mono rounded shadow-md border-2 border-purple-600 text-pink-200 hover:text-white hover:shadow-lg"
          >
            Start Game! 
          </button>
        </form>
      </div>
    </div>
  </div>
</DocumentFragment>
`;
